// Jest Snapshot v1, https://goo.gl/fbAQLP

exports[`Signup Page Snapchat should render the signup page 1`] = `
Object {
  "asFragment": [Function],
  "baseElement": <body>
    <div>
      <div
        class="container"
      >
        <div
          class="wrapper"
        >
          <form
            class="card"
          >
            <h1>
              Signup
            </h1>
            <label
              for="name"
            >
              Name
              <input
                id="name"
                placeholder="Name"
                required=""
                type="text"
              />
            </label>
            <label
              for="username"
            >
              Username
              <input
                id="username"
                placeholder="Username"
                required=""
                type="text"
              />
            </label>
            <label
              for="email"
            >
              Email
              <input
                id="email"
                placeholder="Email"
                required=""
                type="email"
              />
            </label>
            <label
              for="password"
            >
              Password
              <input
                id="password"
                min="6"
                placeholder="Password"
                required=""
                type="password"
              />
            </label>
            <label
              for="confirmPassword"
            >
              Confirm Password
              <input
                id="confirmPassword"
                min="6"
                placeholder="Confirm Password"
                required=""
                type="password"
              />
            </label>
            <button
              class="btn"
              type="submit"
            >
              Sign Up
            </button>
          </form>
          <small
            class="option"
          >
            Already have an account?
             
            <a
              href="/login"
            >
              Sign In
            </a>
          </small>
        </div>
      </div>
    </div>
  </body>,
  "container": <div>
    <div
      class="container"
    >
      <div
        class="wrapper"
      >
        <form
          class="card"
        >
          <h1>
            Signup
          </h1>
          <label
            for="name"
          >
            Name
            <input
              id="name"
              placeholder="Name"
              required=""
              type="text"
            />
          </label>
          <label
            for="username"
          >
            Username
            <input
              id="username"
              placeholder="Username"
              required=""
              type="text"
            />
          </label>
          <label
            for="email"
          >
            Email
            <input
              id="email"
              placeholder="Email"
              required=""
              type="email"
            />
          </label>
          <label
            for="password"
          >
            Password
            <input
              id="password"
              min="6"
              placeholder="Password"
              required=""
              type="password"
            />
          </label>
          <label
            for="confirmPassword"
          >
            Confirm Password
            <input
              id="confirmPassword"
              min="6"
              placeholder="Confirm Password"
              required=""
              type="password"
            />
          </label>
          <button
            class="btn"
            type="submit"
          >
            Sign Up
          </button>
        </form>
        <small
          class="option"
        >
          Already have an account?
           
          <a
            href="/login"
          >
            Sign In
          </a>
        </small>
      </div>
    </div>
  </div>,
  "debug": [Function],
  "findAllByAltText": [Function],
  "findAllByDisplayValue": [Function],
  "findAllByLabelText": [Function],
  "findAllByPlaceholderText": [Function],
  "findAllByRole": [Function],
  "findAllByTestId": [Function],
  "findAllByText": [Function],
  "findAllByTitle": [Function],
  "findByAltText": [Function],
  "findByDisplayValue": [Function],
  "findByLabelText": [Function],
  "findByPlaceholderText": [Function],
  "findByRole": [Function],
  "findByTestId": [Function],
  "findByText": [Function],
  "findByTitle": [Function],
  "getAllByAltText": [Function],
  "getAllByDisplayValue": [Function],
  "getAllByLabelText": [Function],
  "getAllByPlaceholderText": [Function],
  "getAllByRole": [Function],
  "getAllByTestId": [Function],
  "getAllByText": [Function],
  "getAllByTitle": [Function],
  "getByAltText": [Function],
  "getByDisplayValue": [Function],
  "getByLabelText": [Function],
  "getByPlaceholderText": [Function],
  "getByRole": [Function],
  "getByTestId": [Function],
  "getByText": [Function],
  "getByTitle": [Function],
  "queryAllByAltText": [Function],
  "queryAllByDisplayValue": [Function],
  "queryAllByLabelText": [Function],
  "queryAllByPlaceholderText": [Function],
  "queryAllByRole": [Function],
  "queryAllByTestId": [Function],
  "queryAllByText": [Function],
  "queryAllByTitle": [Function],
  "queryByAltText": [Function],
  "queryByDisplayValue": [Function],
  "queryByLabelText": [Function],
  "queryByPlaceholderText": [Function],
  "queryByRole": [Function],
  "queryByTestId": [Function],
  "queryByText": [Function],
  "queryByTitle": [Function],
  "rerender": [Function],
  "unmount": [Function],
}
`;
