// Jest Snapshot v1, https://goo.gl/fbAQLP

exports[`New Billionaire Page should render the Add a New Billionaire page when user is admin 1`] = `
Object {
  "asFragment": [Function],
  "baseElement": <body>
    <div>
      <div
        class="col d-flex"
      >
        <form
          class="d-flex col form-"
        >
          <label
            for="name"
          >
            <p>
              Name:
            </p>
            <input
              name="name"
              type="text"
            />
          </label>
          <label
            for="title"
          >
            <p>
              Title:
            </p>
            <input
              name="title"
              type="text"
            />
          </label>
          <label
            for="price"
          >
            <p>
              Price:
            </p>
            <input
              name="price"
              step=".01"
              type="number"
            />
          </label>
          <label
            for="image"
          >
            <p>
              Image URL:
            </p>
            <input
              name="image"
              type="text"
            />
          </label>
          <label
            for="description"
          >
            <p>
              Description:
            </p>
            <textarea
              name="description"
            />
          </label>
          <input
            type="submit"
            value="Submit"
          />
        </form>
      </div>
    </div>
  </body>,
  "container": <div>
    <div
      class="col d-flex"
    >
      <form
        class="d-flex col form-"
      >
        <label
          for="name"
        >
          <p>
            Name:
          </p>
          <input
            name="name"
            type="text"
          />
        </label>
        <label
          for="title"
        >
          <p>
            Title:
          </p>
          <input
            name="title"
            type="text"
          />
        </label>
        <label
          for="price"
        >
          <p>
            Price:
          </p>
          <input
            name="price"
            step=".01"
            type="number"
          />
        </label>
        <label
          for="image"
        >
          <p>
            Image URL:
          </p>
          <input
            name="image"
            type="text"
          />
        </label>
        <label
          for="description"
        >
          <p>
            Description:
          </p>
          <textarea
            name="description"
          />
        </label>
        <input
          type="submit"
          value="Submit"
        />
      </form>
    </div>
  </div>,
  "debug": [Function],
  "findAllByAltText": [Function],
  "findAllByDisplayValue": [Function],
  "findAllByLabelText": [Function],
  "findAllByPlaceholderText": [Function],
  "findAllByRole": [Function],
  "findAllByTestId": [Function],
  "findAllByText": [Function],
  "findAllByTitle": [Function],
  "findByAltText": [Function],
  "findByDisplayValue": [Function],
  "findByLabelText": [Function],
  "findByPlaceholderText": [Function],
  "findByRole": [Function],
  "findByTestId": [Function],
  "findByText": [Function],
  "findByTitle": [Function],
  "getAllByAltText": [Function],
  "getAllByDisplayValue": [Function],
  "getAllByLabelText": [Function],
  "getAllByPlaceholderText": [Function],
  "getAllByRole": [Function],
  "getAllByTestId": [Function],
  "getAllByText": [Function],
  "getAllByTitle": [Function],
  "getByAltText": [Function],
  "getByDisplayValue": [Function],
  "getByLabelText": [Function],
  "getByPlaceholderText": [Function],
  "getByRole": [Function],
  "getByTestId": [Function],
  "getByText": [Function],
  "getByTitle": [Function],
  "queryAllByAltText": [Function],
  "queryAllByDisplayValue": [Function],
  "queryAllByLabelText": [Function],
  "queryAllByPlaceholderText": [Function],
  "queryAllByRole": [Function],
  "queryAllByTestId": [Function],
  "queryAllByText": [Function],
  "queryAllByTitle": [Function],
  "queryByAltText": [Function],
  "queryByDisplayValue": [Function],
  "queryByLabelText": [Function],
  "queryByPlaceholderText": [Function],
  "queryByRole": [Function],
  "queryByTestId": [Function],
  "queryByText": [Function],
  "queryByTitle": [Function],
  "rerender": [Function],
  "unmount": [Function],
}
`;
